> Task :app:preBuild UP-TO-DATE
> Task :app:preDebugBuild UP-TO-DATE
> Task :app:mergeDebugNativeDebugMetadata NO-SOURCE
> Task :app:checkKotlinGradlePluginConfigurationErrors SKIPPED
> Task :app:checkDebugAarMetadata UP-TO-DATE
> Task :app:processDebugNavigationResources UP-TO-DATE
> Task :app:compileDebugNavigationResources UP-TO-DATE
> Task :app:generateDebugResValues UP-TO-DATE
> Task :app:mapDebugSourceSetPaths UP-TO-DATE
> Task :app:generateDebugResources UP-TO-DATE
> Task :app:mergeDebugResources UP-TO-DATE
> Task :app:packageDebugResources UP-TO-DATE
> Task :app:parseDebugLocalResources UP-TO-DATE
> Task :app:createDebugCompatibleScreenManifests UP-TO-DATE
> Task :app:extractDeepLinksDebug UP-TO-DATE
> Task :app:processDebugMainManifest UP-TO-DATE
> Task :app:processDebugManifest UP-TO-DATE
> Task :app:processDebugManifestForPackage UP-TO-DATE
> Task :app:processDebugResources UP-TO-DATE
> Task :app:javaPreCompileDebug UP-TO-DATE
> Task :app:mergeDebugShaders UP-TO-DATE
> Task :app:compileDebugShaders NO-SOURCE
> Task :app:generateDebugAssets UP-TO-DATE
> Task :app:mergeDebugAssets UP-TO-DATE
> Task :app:compressDebugAssets UP-TO-DATE
> Task :app:desugarDebugFileDependencies UP-TO-DATE
> Task :app:checkDebugDuplicateClasses
> Task :app:compileDebugKotlin
e: file:///E:/TUGAS%20REVAN/Tugas%20KK/cbt-application/app/src/main/java/com/example/cbt/DashboardActivity.kt:56:39 Unresolved reference 'tvWelcome'.
e: file:///E:/TUGAS%20REVAN/Tugas%20KK/cbt-application/app/src/main/java/com/example/cbt/DashboardActivity.kt:58:43 Unresolved reference 'recyclerExams'.
e: file:///E:/TUGAS%20REVAN/Tugas%20KK/cbt-application/app/src/main/java/com/example/cbt/DetailUjianActivity.kt:106:59 Unresolved reference 'durasiMenit'.
e: file:///E:/TUGAS%20REVAN/Tugas%20KK/cbt-application/app/src/main/java/com/example/cbt/DetailUjianActivity.kt:108:59 Unresolved reference 'passingGrade'.
e: file:///E:/TUGAS%20REVAN/Tugas%20KK/cbt-application/app/src/main/java/com/example/cbt/HistoryActivity.kt:145:61 Argument type mismatch: actual type is 'kotlin.collections.List<com.example.cbt.model.ExamResultResponse>', but 'kotlin.Function1<com.example.cbt.model.ExamResultResponse, kotlin.Unit>' was expected.
e: file:///E:/TUGAS%20REVAN/Tugas%20KK/cbt-application/app/src/main/java/com/example/cbt/HistoryActivity.kt:145:74 Too many arguments for 'constructor(onItemClick: (ExamResultResponse) -> Unit): ExamHistoryAdapter'.
e: file:///E:/TUGAS%20REVAN/Tugas%20KK/cbt-application/app/src/main/java/com/example/cbt/HistoryActivity.kt:145:76 Cannot infer type for this parameter. Please specify it explicitly.
e: file:///E:/TUGAS%20REVAN/Tugas%20KK/cbt-application/app/src/main/java/com/example/cbt/HistoryActivity.kt:148:61 Unresolved reference 'id'.
e: file:///E:/TUGAS%20REVAN/Tugas%20KK/cbt-application/app/src/main/java/com/example/cbt/HistoryActivity.kt:149:61 Unresolved reference 'examTitle'.
e: file:///E:/TUGAS%20REVAN/Tugas%20KK/cbt-application/app/src/main/java/com/example/cbt/HistoryActivity.kt:150:62 Unresolved reference 'scorePercentage'.
e: file:///E:/TUGAS%20REVAN/Tugas%20KK/cbt-application/app/src/main/java/com/example/cbt/HistoryActivity.kt:151:58 Unresolved reference 'tanggalUjian'.
e: file:///E:/TUGAS%20REVAN/Tugas%20KK/cbt-application/app/src/main/java/com/example/cbt/HistoryActivity.kt:152:65 Unresolved reference 'waktuTempuhDetik'.
e: file:///E:/TUGAS%20REVAN/Tugas%20KK/cbt-application/app/src/main/java/com/example/cbt/HistoryActivity.kt:153:62 Unresolved reference 'status'.
e: file:///E:/TUGAS%20REVAN/Tugas%20KK/cbt-application/app/src/main/java/com/example/cbt/ProfileActivity.kt:44:53 Unresolved reference 'tvUserNis'.
e: file:///E:/TUGAS%20REVAN/Tugas%20KK/cbt-application/app/src/main/java/com/example/cbt/adapter/ExamHistoryAdapter.kt:39:69 Unresolved reference 'cardExam'.
e: file:///E:/TUGAS%20REVAN/Tugas%20KK/cbt-application/app/src/main/java/com/example/cbt/adapter/ExamHistoryAdapter.kt:91:68 Unresolved reference 'tvExamTitle'.
e: file:///E:/TUGAS%20REVAN/Tugas%20KK/cbt-application/app/src/main/java/com/example/cbt/adapter/ExamHistoryAdapter.kt:94:69 Unresolved reference 'cardUpcomingExam'.

> Task :app:compileDebugKotlin FAILED
> Task :app:mergeExtDexDebug

FAILURE: Build failed with an exception.

* What went wrong:
Execution failed for task ':app:compileDebugKotlin'.
> A failure occurred while executing org.jetbrains.kotlin.compilerRunner.GradleCompilerRunnerWithWorkers$GradleKotlinCompilerWorkAction
   > Compilation error. See log for more details

* Try:
> Run with --stacktrace option to get the stack trace.
> Run with --info or --debug option to get more log output.
> Run with --scan to get full insights.
> Get more help at https://help.gradle.org.

BUILD FAILED in 1m 30s
23 actionable tasks: 3 executed, 20 up-to-date
